2026-04-16 23:07:21,770 Worker rq:worker:7560b1c30db2417abd787b1a22b32331 started with PID 84277, version 1.15.1
2026-04-16 23:07:21,770 Subscribing to channel rq:pubsub:7560b1c30db2417abd787b1a22b32331
2026-04-16 23:07:21,770 *** Listening on Users-vineethpakideri-Documents-erpnext-erp-projects-frappe-bench:short, Users-vineethpakideri-Documents-erpnext-erp-projects-frappe-bench:default, Users-vineethpakideri-Documents-erpnext-erp-projects-frappe-bench:long...
2026-04-16 23:07:21,770 Cleaning registries for queue: Users-vineethpakideri-Documents-erpnext-erp-projects-frappe-bench:short
2026-04-16 23:07:21,771 Cleaning registries for queue: Users-vineethpakideri-Documents-erpnext-erp-projects-frappe-bench:default
2026-04-16 23:07:21,771 Cleaning registries for queue: Users-vineethpakideri-Documents-erpnext-erp-projects-frappe-bench:long
2026-04-16 23:10:51,333 Users-vineethpakideri-Documents-erpnext-erp-projects-frappe-bench:default: frappe.utils.background_jobs.execute_job(event=None, is_async=True, job_name='frappe.core.doctype.user.user.create_contact', kwargs={'user': <User: p.vineeth2@gmail.com>, 'ignore_mandatory': True}, method='frappe.core.doctype.user.user.create_contact', site='site1.local', user='Administrator') (site1.local::012df2dc-3f41-4a37-8c97-590fe2845441)
2026-04-16 23:10:53,475 Users-vineethpakideri-Documents-erpnext-erp-projects-frappe-bench:default: Job OK (site1.local::012df2dc-3f41-4a37-8c97-590fe2845441)
2026-04-16 23:10:53,475 Result is kept for 600 seconds
2026-04-16 23:10:53,483 Users-vineethpakideri-Documents-erpnext-erp-projects-frappe-bench:default: frappe.utils.background_jobs.execute_job(event=None, is_async=True, job_name='erpnext.setup.demo.setup_demo_data', kwargs={}, method=<function setup_demo_data at 0x10b4d54e0>, site='site1.local', user='p.vineeth2@gmail.com') (site1.local::2ffeccaf-0360-4b53-a39a-1c3761ddc909)
2026-04-16 23:11:03,030 Users-vineethpakideri-Documents-erpnext-erp-projects-frappe-bench:default: Job OK (site1.local::2ffeccaf-0360-4b53-a39a-1c3761ddc909)
2026-04-16 23:11:03,031 Result is kept for 600 seconds
2026-04-16 23:11:03,038 Users-vineethpakideri-Documents-erpnext-erp-projects-frappe-bench:default: frappe.utils.background_jobs.execute_job(event=None, is_async=True, job_name='frappe.core.doctype.user.user.update_gravatar', kwargs={'name': 'p.vineeth2@gmail.com'}, method='frappe.core.doctype.user.user.update_gravatar', site='site1.local', user='Administrator') (site1.local::3e8a869d-60c8-45c9-993b-7c21c67c3df3)
2026-04-16 23:11:03,443 Users-vineethpakideri-Documents-erpnext-erp-projects-frappe-bench:default: Job OK (site1.local::3e8a869d-60c8-45c9-993b-7c21c67c3df3)
2026-04-16 23:11:03,445 Result is kept for 600 seconds
2026-04-16 23:11:22,548 Users-vineethpakideri-Documents-erpnext-erp-projects-frappe-bench:default: frappe.utils.background_jobs.execute_job(event=None, is_async=True, job_name='frappe.core.doctype.scheduled_job_type.scheduled_job_type.run_scheduled_jo..., kwargs={'job_type': 'frappe.email.doctype.email_account.email_account.pull'}, method='frappe.core.doctype.scheduled_job_type.scheduled_job_type.run_scheduled_jo..., site='site1.local', user='Administrator') (site1.local::scheduled_job::frappe.email.doctype.email_account.email_account.pull)
2026-04-16 23:11:22,834 Users-vineethpakideri-Documents-erpnext-erp-projects-frappe-bench:default: Job OK (site1.local::scheduled_job::frappe.email.doctype.email_account.email_account.pull)
2026-04-16 23:11:22,835 Result is kept for 600 seconds
2026-04-16 23:11:22,840 Users-vineethpakideri-Documents-erpnext-erp-projects-frappe-bench:default: frappe.utils.background_jobs.execute_job(event=None, is_async=True, job_name='frappe.core.doctype.scheduled_job_type.scheduled_job_type.run_scheduled_jo..., kwargs={'job_type': 'frappe.email.queue.flush'}, method='frappe.core.doctype.scheduled_job_type.scheduled_job_type.run_scheduled_jo..., site='site1.local', user='Administrator') (site1.local::scheduled_job::frappe.email.queue.flush)
2026-04-16 23:11:23,036 Users-vineethpakideri-Documents-erpnext-erp-projects-frappe-bench:default: Job OK (site1.local::scheduled_job::frappe.email.queue.flush)
2026-04-16 23:11:23,037 Result is kept for 600 seconds
2026-04-16 23:11:23,042 Users-vineethpakideri-Documents-erpnext-erp-projects-frappe-bench:default: frappe.utils.background_jobs.execute_job(event=None, is_async=True, job_name='frappe.core.doctype.scheduled_job_type.scheduled_job_type.run_scheduled_jo..., kwargs={'job_type': 'frappe.integrations.doctype.google_calendar.google_calendar.s..., method='frappe.core.doctype.scheduled_job_type.scheduled_job_type.run_scheduled_jo..., site='site1.local', user='Administrator') (site1.local::scheduled_job::frappe.integrations.doctype.google_calendar.google_calendar.sync)
2026-04-16 23:11:23,351 Users-vineethpakideri-Documents-erpnext-erp-projects-frappe-bench:default: Job OK (site1.local::scheduled_job::frappe.integrations.doctype.google_calendar.google_calendar.sync)
2026-04-16 23:11:23,351 Result is kept for 600 seconds
2026-04-16 23:11:23,356 Users-vineethpakideri-Documents-erpnext-erp-projects-frappe-bench:default: frappe.utils.background_jobs.execute_job(event=None, is_async=True, job_name='frappe.core.doctype.scheduled_job_type.scheduled_job_type.run_scheduled_jo..., kwargs={'job_type': 'frappe.email.queue.retry_sending_emails'}, method='frappe.core.doctype.scheduled_job_type.scheduled_job_type.run_scheduled_jo..., site='site1.local', user='Administrator') (site1.local::scheduled_job::frappe.email.queue.retry_sending_emails)
2026-04-16 23:11:23,483 Users-vineethpakideri-Documents-erpnext-erp-projects-frappe-bench:default: Job OK (site1.local::scheduled_job::frappe.email.queue.retry_sending_emails)
2026-04-16 23:11:23,483 Result is kept for 600 seconds
2026-04-16 23:11:23,488 Users-vineethpakideri-Documents-erpnext-erp-projects-frappe-bench:default: frappe.utils.background_jobs.execute_job(event=None, is_async=True, job_name='frappe.core.doctype.scheduled_job_type.scheduled_job_type.run_scheduled_jo..., kwargs={'job_type': 'frappe.monitor.flush'}, method='frappe.core.doctype.scheduled_job_type.scheduled_job_type.run_scheduled_jo..., site='site1.local', user='Administrator') (site1.local::scheduled_job::frappe.monitor.flush)
2026-04-16 23:11:23,591 Users-vineethpakideri-Documents-erpnext-erp-projects-frappe-bench:default: Job OK (site1.local::scheduled_job::frappe.monitor.flush)
2026-04-16 23:11:23,591 Result is kept for 600 seconds
2026-04-16 23:12:22,668 Users-vineethpakideri-Documents-erpnext-erp-projects-frappe-bench:default: frappe.utils.background_jobs.execute_job(event=None, is_async=True, job_name='frappe.core.doctype.scheduled_job_type.scheduled_job_type.run_scheduled_jo..., kwargs={'job_type': 'frappe.email.queue.flush'}, method='frappe.core.doctype.scheduled_job_type.scheduled_job_type.run_scheduled_jo..., site='site1.local', user='Administrator') (site1.local::scheduled_job::frappe.email.queue.flush)
2026-04-16 23:12:22,887 Users-vineethpakideri-Documents-erpnext-erp-projects-frappe-bench:default: Job OK (site1.local::scheduled_job::frappe.email.queue.flush)
2026-04-16 23:12:22,887 Result is kept for 600 seconds
2026-04-16 23:12:22,892 Users-vineethpakideri-Documents-erpnext-erp-projects-frappe-bench:default: frappe.utils.background_jobs.execute_job(event=None, is_async=True, job_name='frappe.core.doctype.scheduled_job_type.scheduled_job_type.run_scheduled_jo..., kwargs={'job_type': 'frappe.monitor.flush'}, method='frappe.core.doctype.scheduled_job_type.scheduled_job_type.run_scheduled_jo..., site='site1.local', user='Administrator') (site1.local::scheduled_job::frappe.monitor.flush)
2026-04-16 23:12:22,988 Users-vineethpakideri-Documents-erpnext-erp-projects-frappe-bench:default: Job OK (site1.local::scheduled_job::frappe.monitor.flush)
2026-04-16 23:12:22,988 Result is kept for 600 seconds
2026-04-16 23:12:22,992 Users-vineethpakideri-Documents-erpnext-erp-projects-frappe-bench:default: frappe.utils.background_jobs.execute_job(event=None, is_async=True, job_name='frappe.core.doctype.scheduled_job_type.scheduled_job_type.run_scheduled_jo..., kwargs={'job_type': 'frappe.email.queue.retry_sending_emails'}, method='frappe.core.doctype.scheduled_job_type.scheduled_job_type.run_scheduled_jo..., site='site1.local', user='Administrator') (site1.local::scheduled_job::frappe.email.queue.retry_sending_emails)
2026-04-16 23:12:23,093 Users-vineethpakideri-Documents-erpnext-erp-projects-frappe-bench:default: Job OK (site1.local::scheduled_job::frappe.email.queue.retry_sending_emails)
2026-04-16 23:12:23,093 Result is kept for 600 seconds
2026-04-16 23:12:23,097 Users-vineethpakideri-Documents-erpnext-erp-projects-frappe-bench:default: frappe.utils.background_jobs.execute_job(event=None, is_async=True, job_name='frappe.core.doctype.scheduled_job_type.scheduled_job_type.run_scheduled_jo..., kwargs={'job_type': 'frappe.integrations.doctype.google_calendar.google_calendar.s..., method='frappe.core.doctype.scheduled_job_type.scheduled_job_type.run_scheduled_jo..., site='site1.local', user='Administrator') (site1.local::scheduled_job::frappe.integrations.doctype.google_calendar.google_calendar.sync)
2026-04-16 23:12:23,321 Users-vineethpakideri-Documents-erpnext-erp-projects-frappe-bench:default: Job OK (site1.local::scheduled_job::frappe.integrations.doctype.google_calendar.google_calendar.sync)
2026-04-16 23:12:23,322 Result is kept for 600 seconds
2026-04-16 23:15:22,977 Users-vineethpakideri-Documents-erpnext-erp-projects-frappe-bench:default: frappe.utils.background_jobs.execute_job(event=None, is_async=True, job_name='frappe.core.doctype.scheduled_job_type.scheduled_job_type.run_scheduled_jo..., kwargs={'job_type': 'frappe.utils.global_search.sync_global_search'}, method='frappe.core.doctype.scheduled_job_type.scheduled_job_type.run_scheduled_jo..., site='site1.local', user='Administrator') (site1.local::scheduled_job::frappe.utils.global_search.sync_global_search)
2026-04-16 23:15:23,267 Users-vineethpakideri-Documents-erpnext-erp-projects-frappe-bench:default: Job OK (site1.local::scheduled_job::frappe.utils.global_search.sync_global_search)
2026-04-16 23:15:23,267 Result is kept for 600 seconds
2026-04-16 23:15:23,273 Users-vineethpakideri-Documents-erpnext-erp-projects-frappe-bench:default: frappe.utils.background_jobs.execute_job(event=None, is_async=True, job_name='frappe.core.doctype.scheduled_job_type.scheduled_job_type.run_scheduled_jo..., kwargs={'job_type': 'frappe.utils.telemetry.pulse.client.send_queued_events'}, method='frappe.core.doctype.scheduled_job_type.scheduled_job_type.run_scheduled_jo..., site='site1.local', user='Administrator') (site1.local::scheduled_job::frappe.utils.telemetry.pulse.client.send_queued_events)
2026-04-16 23:15:23,436 Users-vineethpakideri-Documents-erpnext-erp-projects-frappe-bench:default: Job OK (site1.local::scheduled_job::frappe.utils.telemetry.pulse.client.send_queued_events)
2026-04-16 23:15:23,436 Result is kept for 600 seconds
2026-04-16 23:15:23,440 Users-vineethpakideri-Documents-erpnext-erp-projects-frappe-bench:default: frappe.utils.background_jobs.execute_job(event=None, is_async=True, job_name='frappe.core.doctype.scheduled_job_type.scheduled_job_type.run_scheduled_jo..., kwargs={'job_type': 'frappe.search.sqlite_search.build_index_if_not_exists'}, method='frappe.core.doctype.scheduled_job_type.scheduled_job_type.run_scheduled_jo..., site='site1.local', user='Administrator') (site1.local::scheduled_job::frappe.search.sqlite_search.build_index_if_not_exists)
2026-04-16 23:15:23,572 Users-vineethpakideri-Documents-erpnext-erp-projects-frappe-bench:default: Job OK (site1.local::scheduled_job::frappe.search.sqlite_search.build_index_if_not_exists)
2026-04-16 23:15:23,572 Result is kept for 600 seconds
2026-04-16 23:15:23,577 Users-vineethpakideri-Documents-erpnext-erp-projects-frappe-bench:default: frappe.utils.background_jobs.execute_job(event=None, is_async=True, job_name='frappe.core.doctype.scheduled_job_type.scheduled_job_type.run_scheduled_jo..., kwargs={'job_type': 'frappe.deferred_insert.save_to_db'}, method='frappe.core.doctype.scheduled_job_type.scheduled_job_type.run_scheduled_jo..., site='site1.local', user='Administrator') (site1.local::scheduled_job::frappe.deferred_insert.save_to_db)
2026-04-16 23:15:23,745 Users-vineethpakideri-Documents-erpnext-erp-projects-frappe-bench:default: Job OK (site1.local::scheduled_job::frappe.deferred_insert.save_to_db)
2026-04-16 23:15:23,745 Result is kept for 600 seconds
2026-04-16 23:15:23,750 Users-vineethpakideri-Documents-erpnext-erp-projects-frappe-bench:default: frappe.utils.background_jobs.execute_job(event=None, is_async=True, job_name='frappe.core.doctype.scheduled_job_type.scheduled_job_type.run_scheduled_jo..., kwargs={'job_type': 'frappe.email.doctype.email_account.email_account.notify_unrep..., method='frappe.core.doctype.scheduled_job_type.scheduled_job_type.run_scheduled_jo..., site='site1.local', user='Administrator') (site1.local::scheduled_job::frappe.email.doctype.email_account.email_account.notify_unreplied)
2026-04-16 23:15:23,983 Users-vineethpakideri-Documents-erpnext-erp-projects-frappe-bench:default: Job OK (site1.local::scheduled_job::frappe.email.doctype.email_account.email_account.notify_unreplied)
2026-04-16 23:15:23,983 Result is kept for 600 seconds
2026-04-16 23:15:23,990 Users-vineethpakideri-Documents-erpnext-erp-projects-frappe-bench:default: frappe.utils.background_jobs.execute_job(event=None, is_async=True, job_name='frappe.core.doctype.scheduled_job_type.scheduled_job_type.run_scheduled_jo..., kwargs={'job_type': 'frappe.automation.doctype.reminder.reminder.send_reminders'}, method='frappe.core.doctype.scheduled_job_type.scheduled_job_type.run_scheduled_jo..., site='site1.local', user='Administrator') (site1.local::scheduled_job::frappe.automation.doctype.reminder.reminder.send_reminders)
2026-04-16 23:15:24,170 Users-vineethpakideri-Documents-erpnext-erp-projects-frappe-bench:default: Job OK (site1.local::scheduled_job::frappe.automation.doctype.reminder.reminder.send_reminders)
2026-04-16 23:15:24,170 Result is kept for 600 seconds
2026-04-16 23:15:24,175 Users-vineethpakideri-Documents-erpnext-erp-projects-frappe-bench:default: frappe.utils.background_jobs.execute_job(event=None, is_async=True, job_name='frappe.core.doctype.scheduled_job_type.scheduled_job_type.run_scheduled_jo..., kwargs={'job_type': 'frappe.model.utils.link_count.update_link_count'}, method='frappe.core.doctype.scheduled_job_type.scheduled_job_type.run_scheduled_jo..., site='site1.local', user='Administrator') (site1.local::scheduled_job::frappe.model.utils.link_count.update_link_count)
2026-04-16 23:15:24,320 Users-vineethpakideri-Documents-erpnext-erp-projects-frappe-bench:default: Job OK (site1.local::scheduled_job::frappe.model.utils.link_count.update_link_count)
2026-04-16 23:15:24,321 Result is kept for 600 seconds
2026-04-16 23:15:24,326 Users-vineethpakideri-Documents-erpnext-erp-projects-frappe-bench:default: frappe.utils.background_jobs.execute_job(event=None, is_async=True, job_name='frappe.core.doctype.scheduled_job_type.scheduled_job_type.run_scheduled_jo..., kwargs={'job_type': 'erpnext.manufacturing.doctype.bom_update_log.bom_update_log.r..., method='frappe.core.doctype.scheduled_job_type.scheduled_job_type.run_scheduled_jo..., site='site1.local', user='Administrator') (site1.local::scheduled_job::erpnext.manufacturing.doctype.bom_update_log.bom_update_log.resume_bom_cost_update_jobs)
2026-04-16 23:15:24,622 Users-vineethpakideri-Documents-erpnext-erp-projects-frappe-bench:default: Job OK (site1.local::scheduled_job::erpnext.manufacturing.doctype.bom_update_log.bom_update_log.resume_bom_cost_update_jobs)
2026-04-16 23:15:24,623 Result is kept for 600 seconds
2026-04-16 23:16:23,095 Users-vineethpakideri-Documents-erpnext-erp-projects-frappe-bench:default: frappe.utils.background_jobs.execute_job(event=None, is_async=True, job_name='frappe.core.doctype.scheduled_job_type.scheduled_job_type.run_scheduled_jo..., kwargs={'job_type': 'frappe.integrations.doctype.google_calendar.google_calendar.s..., method='frappe.core.doctype.scheduled_job_type.scheduled_job_type.run_scheduled_jo..., site='site1.local', user='Administrator') (site1.local::scheduled_job::frappe.integrations.doctype.google_calendar.google_calendar.sync)
2026-04-16 23:16:23,415 Users-vineethpakideri-Documents-erpnext-erp-projects-frappe-bench:default: Job OK (site1.local::scheduled_job::frappe.integrations.doctype.google_calendar.google_calendar.sync)
2026-04-16 23:16:23,416 Result is kept for 600 seconds
2026-04-16 23:16:23,420 Users-vineethpakideri-Documents-erpnext-erp-projects-frappe-bench:default: frappe.utils.background_jobs.execute_job(event=None, is_async=True, job_name='frappe.core.doctype.scheduled_job_type.scheduled_job_type.run_scheduled_jo..., kwargs={'job_type': 'frappe.email.queue.flush'}, method='frappe.core.doctype.scheduled_job_type.scheduled_job_type.run_scheduled_jo..., site='site1.local', user='Administrator') (site1.local::scheduled_job::frappe.email.queue.flush)
2026-04-16 23:16:23,608 Users-vineethpakideri-Documents-erpnext-erp-projects-frappe-bench:default: Job OK (site1.local::scheduled_job::frappe.email.queue.flush)
2026-04-16 23:16:23,608 Result is kept for 600 seconds
2026-04-16 23:16:23,612 Users-vineethpakideri-Documents-erpnext-erp-projects-frappe-bench:default: frappe.utils.background_jobs.execute_job(event=None, is_async=True, job_name='frappe.core.doctype.scheduled_job_type.scheduled_job_type.run_scheduled_jo..., kwargs={'job_type': 'frappe.monitor.flush'}, method='frappe.core.doctype.scheduled_job_type.scheduled_job_type.run_scheduled_jo..., site='site1.local', user='Administrator') (site1.local::scheduled_job::frappe.monitor.flush)
2026-04-16 23:16:23,720 Users-vineethpakideri-Documents-erpnext-erp-projects-frappe-bench:default: Job OK (site1.local::scheduled_job::frappe.monitor.flush)
2026-04-16 23:16:23,721 Result is kept for 600 seconds
2026-04-16 23:16:23,725 Users-vineethpakideri-Documents-erpnext-erp-projects-frappe-bench:default: frappe.utils.background_jobs.execute_job(event=None, is_async=True, job_name='frappe.core.doctype.scheduled_job_type.scheduled_job_type.run_scheduled_jo..., kwargs={'job_type': 'frappe.email.queue.retry_sending_emails'}, method='frappe.core.doctype.scheduled_job_type.scheduled_job_type.run_scheduled_jo..., site='site1.local', user='Administrator') (site1.local::scheduled_job::frappe.email.queue.retry_sending_emails)
2026-04-16 23:16:23,854 Users-vineethpakideri-Documents-erpnext-erp-projects-frappe-bench:default: Job OK (site1.local::scheduled_job::frappe.email.queue.retry_sending_emails)
2026-04-16 23:16:23,855 Result is kept for 600 seconds
2026-04-16 23:20:23,581 Users-vineethpakideri-Documents-erpnext-erp-projects-frappe-bench:default: frappe.utils.background_jobs.execute_job(event=None, is_async=True, job_name='frappe.core.doctype.scheduled_job_type.scheduled_job_type.run_scheduled_jo..., kwargs={'job_type': 'frappe.integrations.doctype.google_calendar.google_calendar.s..., method='frappe.core.doctype.scheduled_job_type.scheduled_job_type.run_scheduled_jo..., site='site1.local', user='Administrator') (site1.local::scheduled_job::frappe.integrations.doctype.google_calendar.google_calendar.sync)
2026-04-16 23:20:23,973 Users-vineethpakideri-Documents-erpnext-erp-projects-frappe-bench:default: Job OK (site1.local::scheduled_job::frappe.integrations.doctype.google_calendar.google_calendar.sync)
2026-04-16 23:20:23,974 Result is kept for 600 seconds
2026-04-16 23:20:23,982 Users-vineethpakideri-Documents-erpnext-erp-projects-frappe-bench:default: frappe.utils.background_jobs.execute_job(event=None, is_async=True, job_name='frappe.core.doctype.scheduled_job_type.scheduled_job_type.run_scheduled_jo..., kwargs={'job_type': 'frappe.monitor.flush'}, method='frappe.core.doctype.scheduled_job_type.scheduled_job_type.run_scheduled_jo..., site='site1.local', user='Administrator') (site1.local::scheduled_job::frappe.monitor.flush)
2026-04-16 23:20:24,098 Users-vineethpakideri-Documents-erpnext-erp-projects-frappe-bench:default: Job OK (site1.local::scheduled_job::frappe.monitor.flush)
2026-04-16 23:20:24,098 Result is kept for 600 seconds
2026-04-16 23:20:24,102 Users-vineethpakideri-Documents-erpnext-erp-projects-frappe-bench:default: frappe.utils.background_jobs.execute_job(event=None, is_async=True, job_name='frappe.core.doctype.scheduled_job_type.scheduled_job_type.run_scheduled_jo..., kwargs={'job_type': 'frappe.email.doctype.email_account.email_account.pull'}, method='frappe.core.doctype.scheduled_job_type.scheduled_job_type.run_scheduled_jo..., site='site1.local', user='Administrator') (site1.local::scheduled_job::frappe.email.doctype.email_account.email_account.pull)
2026-04-16 23:20:24,357 Users-vineethpakideri-Documents-erpnext-erp-projects-frappe-bench:default: Job OK (site1.local::scheduled_job::frappe.email.doctype.email_account.email_account.pull)
2026-04-16 23:20:24,357 Result is kept for 600 seconds
2026-04-16 23:20:24,363 Users-vineethpakideri-Documents-erpnext-erp-projects-frappe-bench:default: frappe.utils.background_jobs.execute_job(event=None, is_async=True, job_name='frappe.core.doctype.scheduled_job_type.scheduled_job_type.run_scheduled_jo..., kwargs={'job_type': 'frappe.email.queue.retry_sending_emails'}, method='frappe.core.doctype.scheduled_job_type.scheduled_job_type.run_scheduled_jo..., site='site1.local', user='Administrator') (site1.local::scheduled_job::frappe.email.queue.retry_sending_emails)
2026-04-16 23:20:24,541 Users-vineethpakideri-Documents-erpnext-erp-projects-frappe-bench:default: Job OK (site1.local::scheduled_job::frappe.email.queue.retry_sending_emails)
2026-04-16 23:20:24,541 Result is kept for 600 seconds
2026-04-16 23:20:24,547 Users-vineethpakideri-Documents-erpnext-erp-projects-frappe-bench:default: frappe.utils.background_jobs.execute_job(event=None, is_async=True, job_name='frappe.core.doctype.scheduled_job_type.scheduled_job_type.run_scheduled_jo..., kwargs={'job_type': 'frappe.email.queue.flush'}, method='frappe.core.doctype.scheduled_job_type.scheduled_job_type.run_scheduled_jo..., site='site1.local', user='Administrator') (site1.local::scheduled_job::frappe.email.queue.flush)
2026-04-16 23:20:24,728 Users-vineethpakideri-Documents-erpnext-erp-projects-frappe-bench:default: Job OK (site1.local::scheduled_job::frappe.email.queue.flush)
2026-04-16 23:20:24,728 Result is kept for 600 seconds
2026-04-16 23:24:24,034 Users-vineethpakideri-Documents-erpnext-erp-projects-frappe-bench:default: frappe.utils.background_jobs.execute_job(event=None, is_async=True, job_name='frappe.core.doctype.scheduled_job_type.scheduled_job_type.run_scheduled_jo..., kwargs={'job_type': 'frappe.email.queue.retry_sending_emails'}, method='frappe.core.doctype.scheduled_job_type.scheduled_job_type.run_scheduled_jo..., site='site1.local', user='Administrator') (site1.local::scheduled_job::frappe.email.queue.retry_sending_emails)
2026-04-16 23:24:24,215 Users-vineethpakideri-Documents-erpnext-erp-projects-frappe-bench:default: Job OK (site1.local::scheduled_job::frappe.email.queue.retry_sending_emails)
2026-04-16 23:24:24,216 Result is kept for 600 seconds
2026-04-16 23:24:24,220 Users-vineethpakideri-Documents-erpnext-erp-projects-frappe-bench:default: frappe.utils.background_jobs.execute_job(event=None, is_async=True, job_name='frappe.core.doctype.scheduled_job_type.scheduled_job_type.run_scheduled_jo..., kwargs={'job_type': 'frappe.monitor.flush'}, method='frappe.core.doctype.scheduled_job_type.scheduled_job_type.run_scheduled_jo..., site='site1.local', user='Administrator') (site1.local::scheduled_job::frappe.monitor.flush)
2026-04-16 23:24:24,324 Users-vineethpakideri-Documents-erpnext-erp-projects-frappe-bench:default: Job OK (site1.local::scheduled_job::frappe.monitor.flush)
2026-04-16 23:24:24,324 Result is kept for 600 seconds
2026-04-16 23:24:24,328 Users-vineethpakideri-Documents-erpnext-erp-projects-frappe-bench:default: frappe.utils.background_jobs.execute_job(event=None, is_async=True, job_name='frappe.core.doctype.scheduled_job_type.scheduled_job_type.run_scheduled_jo..., kwargs={'job_type': 'frappe.integrations.doctype.google_calendar.google_calendar.s..., method='frappe.core.doctype.scheduled_job_type.scheduled_job_type.run_scheduled_jo..., site='site1.local', user='Administrator') (site1.local::scheduled_job::frappe.integrations.doctype.google_calendar.google_calendar.sync)
2026-04-16 23:24:24,578 Users-vineethpakideri-Documents-erpnext-erp-projects-frappe-bench:default: Job OK (site1.local::scheduled_job::frappe.integrations.doctype.google_calendar.google_calendar.sync)
2026-04-16 23:24:24,578 Result is kept for 600 seconds
2026-04-16 23:24:24,583 Users-vineethpakideri-Documents-erpnext-erp-projects-frappe-bench:default: frappe.utils.background_jobs.execute_job(event=None, is_async=True, job_name='frappe.core.doctype.scheduled_job_type.scheduled_job_type.run_scheduled_jo..., kwargs={'job_type': 'frappe.email.queue.flush'}, method='frappe.core.doctype.scheduled_job_type.scheduled_job_type.run_scheduled_jo..., site='site1.local', user='Administrator') (site1.local::scheduled_job::frappe.email.queue.flush)
2026-04-16 23:24:24,772 Users-vineethpakideri-Documents-erpnext-erp-projects-frappe-bench:default: Job OK (site1.local::scheduled_job::frappe.email.queue.flush)
2026-04-16 23:24:24,772 Result is kept for 600 seconds
2026-04-16 23:28:24,391 Users-vineethpakideri-Documents-erpnext-erp-projects-frappe-bench:default: frappe.utils.background_jobs.execute_job(event=None, is_async=True, job_name='frappe.core.doctype.scheduled_job_type.scheduled_job_type.run_scheduled_jo..., kwargs={'job_type': 'frappe.integrations.doctype.google_calendar.google_calendar.s..., method='frappe.core.doctype.scheduled_job_type.scheduled_job_type.run_scheduled_jo..., site='site1.local', user='Administrator') (site1.local::scheduled_job::frappe.integrations.doctype.google_calendar.google_calendar.sync)
2026-04-16 23:28:24,711 Users-vineethpakideri-Documents-erpnext-erp-projects-frappe-bench:default: Job OK (site1.local::scheduled_job::frappe.integrations.doctype.google_calendar.google_calendar.sync)
2026-04-16 23:28:24,711 Result is kept for 600 seconds
2026-04-16 23:28:24,716 Users-vineethpakideri-Documents-erpnext-erp-projects-frappe-bench:default: frappe.utils.background_jobs.execute_job(event=None, is_async=True, job_name='frappe.core.doctype.scheduled_job_type.scheduled_job_type.run_scheduled_jo..., kwargs={'job_type': 'frappe.monitor.flush'}, method='frappe.core.doctype.scheduled_job_type.scheduled_job_type.run_scheduled_jo..., site='site1.local', user='Administrator') (site1.local::scheduled_job::frappe.monitor.flush)
2026-04-16 23:28:24,835 Users-vineethpakideri-Documents-erpnext-erp-projects-frappe-bench:default: Job OK (site1.local::scheduled_job::frappe.monitor.flush)
2026-04-16 23:28:24,835 Result is kept for 600 seconds
2026-04-16 23:28:24,840 Users-vineethpakideri-Documents-erpnext-erp-projects-frappe-bench:default: frappe.utils.background_jobs.execute_job(event=None, is_async=True, job_name='frappe.core.doctype.scheduled_job_type.scheduled_job_type.run_scheduled_jo..., kwargs={'job_type': 'frappe.email.queue.flush'}, method='frappe.core.doctype.scheduled_job_type.scheduled_job_type.run_scheduled_jo..., site='site1.local', user='Administrator') (site1.local::scheduled_job::frappe.email.queue.flush)
2026-04-16 23:28:25,036 Users-vineethpakideri-Documents-erpnext-erp-projects-frappe-bench:default: Job OK (site1.local::scheduled_job::frappe.email.queue.flush)
2026-04-16 23:28:25,036 Result is kept for 600 seconds
2026-04-16 23:28:25,041 Users-vineethpakideri-Documents-erpnext-erp-projects-frappe-bench:default: frappe.utils.background_jobs.execute_job(event=None, is_async=True, job_name='frappe.core.doctype.scheduled_job_type.scheduled_job_type.run_scheduled_jo..., kwargs={'job_type': 'frappe.email.queue.retry_sending_emails'}, method='frappe.core.doctype.scheduled_job_type.scheduled_job_type.run_scheduled_jo..., site='site1.local', user='Administrator') (site1.local::scheduled_job::frappe.email.queue.retry_sending_emails)
2026-04-16 23:28:25,159 Users-vineethpakideri-Documents-erpnext-erp-projects-frappe-bench:default: Job OK (site1.local::scheduled_job::frappe.email.queue.retry_sending_emails)
2026-04-16 23:28:25,159 Result is kept for 600 seconds
2026-04-16 23:30:24,542 Users-vineethpakideri-Documents-erpnext-erp-projects-frappe-bench:default: frappe.utils.background_jobs.execute_job(event=None, is_async=True, job_name='frappe.core.doctype.scheduled_job_type.scheduled_job_type.run_scheduled_jo..., kwargs={'job_type': 'frappe.utils.global_search.sync_global_search'}, method='frappe.core.doctype.scheduled_job_type.scheduled_job_type.run_scheduled_jo..., site='site1.local', user='Administrator') (site1.local::scheduled_job::frappe.utils.global_search.sync_global_search)
2026-04-16 23:30:24,847 Users-vineethpakideri-Documents-erpnext-erp-projects-frappe-bench:default: Job OK (site1.local::scheduled_job::frappe.utils.global_search.sync_global_search)
2026-04-16 23:30:24,848 Result is kept for 600 seconds
2026-04-16 23:30:24,853 Cleaning registries for queue: Users-vineethpakideri-Documents-erpnext-erp-projects-frappe-bench:short
2026-04-16 23:30:24,854 Cleaning registries for queue: Users-vineethpakideri-Documents-erpnext-erp-projects-frappe-bench:default
2026-04-16 23:30:24,855 Cleaning registries for queue: Users-vineethpakideri-Documents-erpnext-erp-projects-frappe-bench:long
2026-04-16 23:30:24,856 Users-vineethpakideri-Documents-erpnext-erp-projects-frappe-bench:default: frappe.utils.background_jobs.execute_job(event=None, is_async=True, job_name='frappe.core.doctype.scheduled_job_type.scheduled_job_type.run_scheduled_jo..., kwargs={'job_type': 'frappe.utils.telemetry.pulse.client.send_queued_events'}, method='frappe.core.doctype.scheduled_job_type.scheduled_job_type.run_scheduled_jo..., site='site1.local', user='Administrator') (site1.local::scheduled_job::frappe.utils.telemetry.pulse.client.send_queued_events)
2026-04-16 23:30:25,053 Users-vineethpakideri-Documents-erpnext-erp-projects-frappe-bench:default: Job OK (site1.local::scheduled_job::frappe.utils.telemetry.pulse.client.send_queued_events)
2026-04-16 23:30:25,053 Result is kept for 600 seconds
2026-04-16 23:30:25,057 Users-vineethpakideri-Documents-erpnext-erp-projects-frappe-bench:default: frappe.utils.background_jobs.execute_job(event=None, is_async=True, job_name='frappe.core.doctype.scheduled_job_type.scheduled_job_type.run_scheduled_jo..., kwargs={'job_type': 'frappe.deferred_insert.save_to_db'}, method='frappe.core.doctype.scheduled_job_type.scheduled_job_type.run_scheduled_jo..., site='site1.local', user='Administrator') (site1.local::scheduled_job::frappe.deferred_insert.save_to_db)
2026-04-16 23:30:25,311 Users-vineethpakideri-Documents-erpnext-erp-projects-frappe-bench:default: Job OK (site1.local::scheduled_job::frappe.deferred_insert.save_to_db)
2026-04-16 23:30:25,311 Result is kept for 600 seconds
2026-04-16 23:30:25,316 Users-vineethpakideri-Documents-erpnext-erp-projects-frappe-bench:default: frappe.utils.background_jobs.execute_job(event=None, is_async=True, job_name='frappe.core.doctype.scheduled_job_type.scheduled_job_type.run_scheduled_jo..., kwargs={'job_type': 'frappe.model.utils.link_count.update_link_count'}, method='frappe.core.doctype.scheduled_job_type.scheduled_job_type.run_scheduled_jo..., site='site1.local', user='Administrator') (site1.local::scheduled_job::frappe.model.utils.link_count.update_link_count)
2026-04-16 23:30:25,452 Users-vineethpakideri-Documents-erpnext-erp-projects-frappe-bench:default: Job OK (site1.local::scheduled_job::frappe.model.utils.link_count.update_link_count)
2026-04-16 23:30:25,452 Result is kept for 600 seconds
2026-04-16 23:30:25,456 Users-vineethpakideri-Documents-erpnext-erp-projects-frappe-bench:default: frappe.utils.background_jobs.execute_job(event=None, is_async=True, job_name='frappe.core.doctype.scheduled_job_type.scheduled_job_type.run_scheduled_jo..., kwargs={'job_type': 'frappe.search.sqlite_search.build_index_if_not_exists'}, method='frappe.core.doctype.scheduled_job_type.scheduled_job_type.run_scheduled_jo..., site='site1.local', user='Administrator') (site1.local::scheduled_job::frappe.search.sqlite_search.build_index_if_not_exists)
2026-04-16 23:30:25,589 Users-vineethpakideri-Documents-erpnext-erp-projects-frappe-bench:default: Job OK (site1.local::scheduled_job::frappe.search.sqlite_search.build_index_if_not_exists)
2026-04-16 23:30:25,589 Result is kept for 600 seconds
2026-04-16 23:30:25,593 Users-vineethpakideri-Documents-erpnext-erp-projects-frappe-bench:default: frappe.utils.background_jobs.execute_job(event=None, is_async=True, job_name='frappe.core.doctype.scheduled_job_type.scheduled_job_type.run_scheduled_jo..., kwargs={'job_type': 'erpnext.manufacturing.doctype.bom_update_log.bom_update_log.r..., method='frappe.core.doctype.scheduled_job_type.scheduled_job_type.run_scheduled_jo..., site='site1.local', user='Administrator') (site1.local::scheduled_job::erpnext.manufacturing.doctype.bom_update_log.bom_update_log.resume_bom_cost_update_jobs)
2026-04-16 23:30:25,817 Users-vineethpakideri-Documents-erpnext-erp-projects-frappe-bench:default: Job OK (site1.local::scheduled_job::erpnext.manufacturing.doctype.bom_update_log.bom_update_log.resume_bom_cost_update_jobs)
2026-04-16 23:30:25,817 Result is kept for 600 seconds
2026-04-16 23:30:25,824 Users-vineethpakideri-Documents-erpnext-erp-projects-frappe-bench:default: frappe.utils.background_jobs.execute_job(event=None, is_async=True, job_name='frappe.core.doctype.scheduled_job_type.scheduled_job_type.run_scheduled_jo..., kwargs={'job_type': 'frappe.automation.doctype.reminder.reminder.send_reminders'}, method='frappe.core.doctype.scheduled_job_type.scheduled_job_type.run_scheduled_jo..., site='site1.local', user='Administrator') (site1.local::scheduled_job::frappe.automation.doctype.reminder.reminder.send_reminders)
2026-04-16 23:30:26,021 Users-vineethpakideri-Documents-erpnext-erp-projects-frappe-bench:default: Job OK (site1.local::scheduled_job::frappe.automation.doctype.reminder.reminder.send_reminders)
2026-04-16 23:30:26,022 Result is kept for 600 seconds
2026-04-16 23:30:26,027 Users-vineethpakideri-Documents-erpnext-erp-projects-frappe-bench:default: frappe.utils.background_jobs.execute_job(event=None, is_async=True, job_name='frappe.core.doctype.scheduled_job_type.scheduled_job_type.run_scheduled_jo..., kwargs={'job_type': 'frappe.email.doctype.email_account.email_account.pull'}, method='frappe.core.doctype.scheduled_job_type.scheduled_job_type.run_scheduled_jo..., site='site1.local', user='Administrator') (site1.local::scheduled_job::frappe.email.doctype.email_account.email_account.pull)
2026-04-16 23:30:26,254 Users-vineethpakideri-Documents-erpnext-erp-projects-frappe-bench:default: Job OK (site1.local::scheduled_job::frappe.email.doctype.email_account.email_account.pull)
2026-04-16 23:30:26,254 Result is kept for 600 seconds
2026-04-16 23:30:26,260 Users-vineethpakideri-Documents-erpnext-erp-projects-frappe-bench:default: frappe.utils.background_jobs.execute_job(event=None, is_async=True, job_name='frappe.core.doctype.scheduled_job_type.scheduled_job_type.run_scheduled_jo..., kwargs={'job_type': 'erpnext.accounts.doctype.gl_entry.gl_entry.rename_gle_sle_doc..., method='frappe.core.doctype.scheduled_job_type.scheduled_job_type.run_scheduled_jo..., site='site1.local', user='Administrator') (site1.local::scheduled_job::erpnext.accounts.doctype.gl_entry.gl_entry.rename_gle_sle_docs)
2026-04-16 23:30:26,552 Users-vineethpakideri-Documents-erpnext-erp-projects-frappe-bench:default: Job OK (site1.local::scheduled_job::erpnext.accounts.doctype.gl_entry.gl_entry.rename_gle_sle_docs)
2026-04-16 23:30:26,552 Result is kept for 600 seconds
2026-04-16 23:30:26,557 Users-vineethpakideri-Documents-erpnext-erp-projects-frappe-bench:default: frappe.utils.background_jobs.execute_job(event=None, is_async=True, job_name='frappe.core.doctype.scheduled_job_type.scheduled_job_type.run_scheduled_jo..., kwargs={'job_type': 'frappe.email.doctype.email_account.email_account.notify_unrep..., method='frappe.core.doctype.scheduled_job_type.scheduled_job_type.run_scheduled_jo..., site='site1.local', user='Administrator') (site1.local::scheduled_job::frappe.email.doctype.email_account.email_account.notify_unreplied)
2026-04-16 23:30:26,794 Users-vineethpakideri-Documents-erpnext-erp-projects-frappe-bench:default: Job OK (site1.local::scheduled_job::frappe.email.doctype.email_account.email_account.notify_unreplied)
2026-04-16 23:30:26,794 Result is kept for 600 seconds
